[32m[Nest] 55308  - [39m21:45:29 21/06/2026 [32m    LOG[39m [38;5;3m[NestFactory] [39m[32mStarting Nest application...[39m
[32m[Nest] 55308  - [39m21:45:29 21/06/2026 [32m    LOG[39m [38;5;3m[InstanceLoader] [39m[32mCommonModule dependencies initialized[39m[38;5;3m +32ms[39m
[32m[Nest] 55308  - [39m21:45:29 21/06/2026 [32m    LOG[39m [38;5;3m[InstanceLoader] [39m[32mDatabaseModule dependencies initialized[39m[38;5;3m +0ms[39m
[32m[Nest] 55308  - [39m21:45:29 21/06/2026 [32m    LOG[39m [38;5;3m[InstanceLoader] [39m[32mMongooseModule dependencies initialized[39m[38;5;3m +1ms[39m
[32m[Nest] 55308  - [39m21:45:29 21/06/2026 [32m    LOG[39m [38;5;3m[InstanceLoader] [39m[32mJwtModule dependencies initialized[39m[38;5;3m +0ms[39m
[32m[Nest] 55308  - [39m21:45:29 21/06/2026 [32m    LOG[39m [38;5;3m[InstanceLoader] [39m[32mAppModule dependencies initialized[39m[38;5;3m +0ms[39m
[32m[Nest] 55308  - [39m21:45:29 21/06/2026 [32m    LOG[39m [38;5;3m[InstanceLoader] [39m[32mMongooseCoreModule dependencies initialized[39m[38;5;3m +25ms[39m
[32m[Nest] 55308  - [39m21:45:29 21/06/2026 [32m    LOG[39m [38;5;3m[InstanceLoader] [39m[32mMongooseModule dependencies initialized[39m[38;5;3m +13ms[39m
[32m[Nest] 55308  - [39m21:45:29 21/06/2026 [32m    LOG[39m [38;5;3m[InstanceLoader] [39m[32mMongooseModule dependencies initialized[39m[38;5;3m +0ms[39m
[32m[Nest] 55308  - [39m21:45:29 21/06/2026 [32m    LOG[39m [38;5;3m[InstanceLoader] [39m[32mMongooseModule dependencies initialized[39m[38;5;3m +0ms[39m
[32m[Nest] 55308  - [39m21:45:29 21/06/2026 [32m    LOG[39m [38;5;3m[InstanceLoader] [39m[32mMongooseModule dependencies initialized[39m[38;5;3m +1ms[39m
[32m[Nest] 55308  - [39m21:45:29 21/06/2026 [32m    LOG[39m [38;5;3m[InstanceLoader] [39m[32mMongooseModule dependencies initialized[39m[38;5;3m +0ms[39m
[32m[Nest] 55308  - [39m21:45:29 21/06/2026 [32m    LOG[39m [38;5;3m[InstanceLoader] [39m[32mMongooseModule dependencies initialized[39m[38;5;3m +0ms[39m
[32m[Nest] 55308  - [39m21:45:29 21/06/2026 [32m    LOG[39m [38;5;3m[InstanceLoader] [39m[32mMongooseModule dependencies initialized[39m[38;5;3m +0ms[39m
[32m[Nest] 55308  - [39m21:45:29 21/06/2026 [32m    LOG[39m [38;5;3m[InstanceLoader] [39m[32mMongooseModule dependencies initialized[39m[38;5;3m +0ms[39m
[32m[Nest] 55308  - [39m21:45:29 21/06/2026 [32m    LOG[39m [38;5;3m[InstanceLoader] [39m[32mMongooseModule dependencies initialized[39m[38;5;3m +0ms[39m
[32m[Nest] 55308  - [39m21:45:29 21/06/2026 [32m    LOG[39m [38;5;3m[InstanceLoader] [39m[32mMongooseModule dependencies initialized[39m[38;5;3m +1ms[39m
[32m[Nest] 55308  - [39m21:45:29 21/06/2026 [32m    LOG[39m [38;5;3m[InstanceLoader] [39m[32mUserModule dependencies initialized[39m[38;5;3m +0ms[39m
[32m[Nest] 55308  - [39m21:45:29 21/06/2026 [32m    LOG[39m [38;5;3m[InstanceLoader] [39m[32mCatalogModule dependencies initialized[39m[38;5;3m +1ms[39m
[32m[Nest] 55308  - [39m21:45:29 21/06/2026 [32m    LOG[39m [38;5;3m[InstanceLoader] [39m[32mPostModule dependencies initialized[39m[38;5;3m +0ms[39m
[32m[Nest] 55308  - [39m21:45:29 21/06/2026 [32m    LOG[39m [38;5;3m[InstanceLoader] [39m[32mClassroomModule dependencies initialized[39m[38;5;3m +0ms[39m
[32m[Nest] 55308  - [39m21:45:29 21/06/2026 [32m    LOG[39m [38;5;3m[InstanceLoader] [39m[32mSessionModule dependencies initialized[39m[38;5;3m +0ms[39m
[32m[Nest] 55308  - [39m21:45:29 21/06/2026 [32m    LOG[39m [38;5;3m[InstanceLoader] [39m[32mAssignmentModule dependencies initialized[39m[38;5;3m +0ms[39m
[32m[Nest] 55308  - [39m21:45:29 21/06/2026 [32m    LOG[39m [38;5;3m[InstanceLoader] [39m[32mChatModule dependencies initialized[39m[38;5;3m +0ms[39m
[32m[Nest] 55308  - [39m21:45:29 21/06/2026 [32m    LOG[39m [38;5;3m[InstanceLoader] [39m[32mEngagementModule dependencies initialized[39m[38;5;3m +0ms[39m
[32m[Nest] 55308  - [39m21:45:29 21/06/2026 [32m    LOG[39m [38;5;3m[InstanceLoader] [39m[32mWalletModule dependencies initialized[39m[38;5;3m +1ms[39m
[32m[Nest] 55308  - [39m21:45:29 21/06/2026 [32m    LOG[39m [38;5;3m[InstanceLoader] [39m[32mPaymentModule dependencies initialized[39m[38;5;3m +0ms[39m
[32m[Nest] 55308  - [39m21:45:29 21/06/2026 [32m    LOG[39m [38;5;3m[InstanceLoader] [39m[32mAuthModule dependencies initialized[39m[38;5;3m +1ms[39m
[32m[Nest] 55308  - [39m21:45:29 21/06/2026 [32m    LOG[39m [38;5;3m[RoutesResolver] [39m[32mAppController {/}:[39m[38;5;3m +4ms[39m
[32m[Nest] 55308  - [39m21:45:29 21/06/2026 [32m    LOG[39m [38;5;3m[RouterExplorer] [39m[32mMapped {/health, GET} route[39m[38;5;3m +3ms[39m
[32m[Nest] 55308  - [39m21:45:29 21/06/2026 [32m    LOG[39m [38;5;3m[RoutesResolver] [39m[32mAuthController {/auth}:[39m[38;5;3m +0ms[39m
[32m[Nest] 55308  - [39m21:45:29 21/06/2026 [32m    LOG[39m [38;5;3m[RouterExplorer] [39m[32mMapped {/auth/register, POST} route[39m[38;5;3m +0ms[39m
[32m[Nest] 55308  - [39m21:45:29 21/06/2026 [32m    LOG[39m [38;5;3m[RouterExplorer] [39m[32mMapped {/auth/login, POST} route[39m[38;5;3m +1ms[39m
[32m[Nest] 55308  - [39m21:45:29 21/06/2026 [32m    LOG[39m [38;5;3m[RouterExplorer] [39m[32mMapped {/auth/me, GET} route[39m[38;5;3m +1ms[39m
[32m[Nest] 55308  - [39m21:45:29 21/06/2026 [32m    LOG[39m [38;5;3m[RoutesResolver] [39m[32mUserController {/users}:[39m[38;5;3m +0ms[39m
[32m[Nest] 55308  - [39m21:45:29 21/06/2026 [32m    LOG[39m [38;5;3m[RouterExplorer] [39m[32mMapped {/users, GET} route[39m[38;5;3m +0ms[39m
[32m[Nest] 55308  - [39m21:45:29 21/06/2026 [32m    LOG[39m [38;5;3m[RouterExplorer] [39m[32mMapped {/users/:userId, GET} route[39m[38;5;3m +1ms[39m
[32m[Nest] 55308  - [39m21:45:29 21/06/2026 [32m    LOG[39m [38;5;3m[RouterExplorer] [39m[32mMapped {/users/:userId/profile, GET} route[39m[38;5;3m +0ms[39m
[32m[Nest] 55308  - [39m21:45:29 21/06/2026 [32m    LOG[39m [38;5;3m[RouterExplorer] [39m[32mMapped {/users/:userId/profile, POST} route[39m[38;5;3m +1ms[39m
[32m[Nest] 55308  - [39m21:45:29 21/06/2026 [32m    LOG[39m [38;5;3m[RouterExplorer] [39m[32mMapped {/users/:userId/tutor-profile, GET} route[39m[38;5;3m +0ms[39m
[32m[Nest] 55308  - [39m21:45:29 21/06/2026 [32m    LOG[39m [38;5;3m[RouterExplorer] [39m[32mMapped {/users/:userId/tutor-profile, POST} route[39m[38;5;3m +1ms[39m
[32m[Nest] 55308  - [39m21:45:29 21/06/2026 [32m    LOG[39m [38;5;3m[RoutesResolver] [39m[32mCatalogController {/catalog}:[39m[38;5;3m +0ms[39m
[32m[Nest] 55308  - [39m21:45:29 21/06/2026 [32m    LOG[39m [38;5;3m[RouterExplorer] [39m[32mMapped {/catalog/roles, POST} route[39m[38;5;3m +1ms[39m
[32m[Nest] 55308  - [39m21:45:29 21/06/2026 [32m    LOG[39m [38;5;3m[RouterExplorer] [39m[32mMapped {/catalog/roles, GET} route[39m[38;5;3m +0ms[39m
[32m[Nest] 55308  - [39m21:45:29 21/06/2026 [32m    LOG[39m [38;5;3m[RouterExplorer] [39m[32mMapped {/catalog/subjects, POST} route[39m[38;5;3m +0ms[39m
[32m[Nest] 55308  - [39m21:45:29 21/06/2026 [32m    LOG[39m [38;5;3m[RouterExplorer] [39m[32mMapped {/catalog/subjects, GET} route[39m[38;5;3m +0ms[39m
[32m[Nest] 55308  - [39m21:45:29 21/06/2026 [32m    LOG[39m [38;5;3m[RouterExplorer] [39m[32mMapped {/catalog/levels, POST} route[39m[38;5;3m +1ms[39m
[32m[Nest] 55308  - [39m21:45:29 21/06/2026 [32m    LOG[39m [38;5;3m[RouterExplorer] [39m[32mMapped {/catalog/levels, GET} route[39m[38;5;3m +0ms[39m
[32m[Nest] 55308  - [39m21:45:29 21/06/2026 [32m    LOG[39m [38;5;3m[RoutesResolver] [39m[32mPostController {/}:[39m[38;5;3m +0ms[39m
[32m[Nest] 55308  - [39m21:45:29 21/06/2026 [32m    LOG[39m [38;5;3m[RouterExplorer] [39m[32mMapped {/posts, POST} route[39m[38;5;3m +0ms[39m
[32m[Nest] 55308  - [39m21:45:29 21/06/2026 [32m    LOG[39m [38;5;3m[RouterExplorer] [39m[32mMapped {/posts, GET} route[39m[38;5;3m +1ms[39m
[32m[Nest] 55308  - [39m21:45:29 21/06/2026 [32m    LOG[39m [38;5;3m[RouterExplorer] [39m[32mMapped {/posts/:postId, GET} route[39m[38;5;3m +0ms[39m
[32m[Nest] 55308  - [39m21:45:29 21/06/2026 [32m    LOG[39m [38;5;3m[RouterExplorer] [39m[32mMapped {/match-requests, POST} route[39m[38;5;3m +1ms[39m
[32m[Nest] 55308  - [39m21:45:29 21/06/2026 [32m    LOG[39m [38;5;3m[RouterExplorer] [39m[32mMapped {/posts/:postId/match-requests, GET} route[39m[38;5;3m +0ms[39m
[32m[Nest] 55308  - [39m21:45:29 21/06/2026 [32m    LOG[39m [38;5;3m[RoutesResolver] [39m[32mClassroomController {/}:[39m[38;5;3m +0ms[39m
[32m[Nest] 55308  - [39m21:45:29 21/06/2026 [32m    LOG[39m [38;5;3m[RouterExplorer] [39m[32mMapped {/classrooms, POST} route[39m[38;5;3m +0ms[39m
[32m[Nest] 55308  - [39m21:45:29 21/06/2026 [32m    LOG[39m [38;5;3m[RouterExplorer] [39m[32mMapped {/classrooms, GET} route[39m[38;5;3m +1ms[39m
[32m[Nest] 55308  - [39m21:45:29 21/06/2026 [32m    LOG[39m [38;5;3m[RouterExplorer] [39m[32mMapped {/classrooms/:classId, GET} route[39m[38;5;3m +0ms[39m
[32m[Nest] 55308  - [39m21:45:29 21/06/2026 [32m    LOG[39m [38;5;3m[RouterExplorer] [39m[32mMapped {/enrollments, POST} route[39m[38;5;3m +0ms[39m
[32m[Nest] 55308  - [39m21:45:29 21/06/2026 [32m    LOG[39m [38;5;3m[RouterExplorer] [39m[32mMapped {/classrooms/:classId/enrollments, GET} route[39m[38;5;3m +0ms[39m
[32m[Nest] 55308  - [39m21:45:29 21/06/2026 [32m    LOG[39m [38;5;3m[RoutesResolver] [39m[32mSessionController {/}:[39m[38;5;3m +1ms[39m
[32m[Nest] 55308  - [39m21:45:29 21/06/2026 [32m    LOG[39m [38;5;3m[RouterExplorer] [39m[32mMapped {/sessions, POST} route[39m[38;5;3m +0ms[39m
[32m[Nest] 55308  - [39m21:45:29 21/06/2026 [32m    LOG[39m [38;5;3m[RouterExplorer] [39m[32mMapped {/sessions, GET} route[39m[38;5;3m +0ms[39m
[32m[Nest] 55308  - [39m21:45:29 21/06/2026 [32m    LOG[39m [38;5;3m[RouterExplorer] [39m[32mMapped {/sessions/:sessionId, GET} route[39m[38;5;3m +0ms[39m
[32m[Nest] 55308  - [39m21:45:29 21/06/2026 [32m    LOG[39m [38;5;3m[RouterExplorer] [39m[32mMapped {/sessions/:sessionId/complete, PATCH} route[39m[38;5;3m +1ms[39m
[32m[Nest] 55308  - [39m21:45:29 21/06/2026 [32m    LOG[39m [38;5;3m[RouterExplorer] [39m[32mMapped {/attendances, POST} route[39m[38;5;3m +0ms[39m
[32m[Nest] 55308  - [39m21:45:29 21/06/2026 [32m    LOG[39m [38;5;3m[RouterExplorer] [39m[32mMapped {/sessions/:sessionId/attendances, GET} route[39m[38;5;3m +0ms[39m
[32m[Nest] 55308  - [39m21:45:29 21/06/2026 [32m    LOG[39m [38;5;3m[RoutesResolver] [39m[32mAssignmentController {/}:[39m[38;5;3m +0ms[39m
[32m[Nest] 55308  - [39m21:45:29 21/06/2026 [32m    LOG[39m [38;5;3m[RouterExplorer] [39m[32mMapped {/assignments, POST} route[39m[38;5;3m +0ms[39m
[32m[Nest] 55308  - [39m21:45:29 21/06/2026 [32m    LOG[39m [38;5;3m[RouterExplorer] [39m[32mMapped {/assignments, GET} route[39m[38;5;3m +0ms[39m
[32m[Nest] 55308  - [39m21:45:29 21/06/2026 [32m    LOG[39m [38;5;3m[RouterExplorer] [39m[32mMapped {/assignments/:assignmentId, GET} route[39m[38;5;3m +0ms[39m
[32m[Nest] 55308  - [39m21:45:29 21/06/2026 [32m    LOG[39m [38;5;3m[RouterExplorer] [39m[32mMapped {/submissions, POST} route[39m[38;5;3m +0ms[39m
[32m[Nest] 55308  - [39m21:45:29 21/06/2026 [32m    LOG[39m [38;5;3m[RouterExplorer] [39m[32mMapped {/assignments/:assignmentId/submissions, GET} route[39m[38;5;3m +0ms[39m
[32m[Nest] 55308  - [39m21:45:29 21/06/2026 [32m    LOG[39m [38;5;3m[RoutesResolver] [39m[32mChatController {/chat}:[39m[38;5;3m +0ms[39m
[32m[Nest] 55308  - [39m21:45:29 21/06/2026 [32m    LOG[39m [38;5;3m[RouterExplorer] [39m[32mMapped {/chat/conversations, POST} route[39m[38;5;3m +0ms[39m
[32m[Nest] 55308  - [39m21:45:29 21/06/2026 [32m    LOG[39m [38;5;3m[RouterExplorer] [39m[32mMapped {/chat/conversations, GET} route[39m[38;5;3m +1ms[39m
[32m[Nest] 55308  - [39m21:45:29 21/06/2026 [32m    LOG[39m [38;5;3m[RouterExplorer] [39m[32mMapped {/chat/messages, POST} route[39m[38;5;3m +0ms[39m
[32m[Nest] 55308  - [39m21:45:29 21/06/2026 [32m    LOG[39m [38;5;3m[RouterExplorer] [39m[32mMapped {/chat/conversations/:conversationId/messages, GET} route[39m[38;5;3m +0ms[39m
[32m[Nest] 55308  - [39m21:45:29 21/06/2026 [32m    LOG[39m [38;5;3m[RoutesResolver] [39m[32mEngagementController {/}:[39m[38;5;3m +1ms[39m
[32m[Nest] 55308  - [39m21:45:29 21/06/2026 [32m    LOG[39m [38;5;3m[RouterExplorer] [39m[32mMapped {/reviews, POST} route[39m[38;5;3m +0ms[39m
[32m[Nest] 55308  - [39m21:45:29 21/06/2026 [32m    LOG[39m [38;5;3m[RouterExplorer] [39m[32mMapped {/classrooms/:classId/reviews, GET} route[39m[38;5;3m +0ms[39m
[32m[Nest] 55308  - [39m21:45:29 21/06/2026 [32m    LOG[39m [38;5;3m[RouterExplorer] [39m[32mMapped {/notifications, POST} route[39m[38;5;3m +1ms[39m
[32m[Nest] 55308  - [39m21:45:29 21/06/2026 [32m    LOG[39m [38;5;3m[RouterExplorer] [39m[32mMapped {/users/:userId/notifications, GET} route[39m[38;5;3m +0ms[39m
[32m[Nest] 55308  - [39m21:45:29 21/06/2026 [32m    LOG[39m [38;5;3m[RouterExplorer] [39m[32mMapped {/documents, POST} route[39m[38;5;3m +0ms[39m
[32m[Nest] 55308  - [39m21:45:29 21/06/2026 [32m    LOG[39m [38;5;3m[RouterExplorer] [39m[32mMapped {/classrooms/:classId/documents, GET} route[39m[38;5;3m +0ms[39m
[32m[Nest] 55308  - [39m21:45:29 21/06/2026 [32m    LOG[39m [38;5;3m[RoutesResolver] [39m[32mWalletController {/wallets}:[39m[38;5;3m +0ms[39m
[32m[Nest] 55308  - [39m21:45:29 21/06/2026 [32m    LOG[39m [38;5;3m[RouterExplorer] [39m[32mMapped {/wallets, POST} route[39m[38;5;3m +1ms[39m
[32m[Nest] 55308  - [39m21:45:29 21/06/2026 [32m    LOG[39m [38;5;3m[RouterExplorer] [39m[32mMapped {/wallets, GET} route[39m[38;5;3m +0ms[39m
[32m[Nest] 55308  - [39m21:45:29 21/06/2026 [32m    LOG[39m [38;5;3m[RouterExplorer] [39m[32mMapped {/wallets/users/:userId, GET} route[39m[38;5;3m +0ms[39m
[32m[Nest] 55308  - [39m21:45:29 21/06/2026 [32m    LOG[39m [38;5;3m[RoutesResolver] [39m[32mPaymentController {/payments}:[39m[38;5;3m +0ms[39m
[32m[Nest] 55308  - [39m21:45:29 21/06/2026 [32m    LOG[39m [38;5;3m[RouterExplorer] [39m[32mMapped {/payments/contracts, POST} route[39m[38;5;3m +0ms[39m
[32m[Nest] 55308  - [39m21:45:29 21/06/2026 [32m    LOG[39m [38;5;3m[RouterExplorer] [39m[32mMapped {/payments/contracts, GET} route[39m[38;5;3m +0ms[39m
[32m[Nest] 55308  - [39m21:45:29 21/06/2026 [32m    LOG[39m [38;5;3m[RouterExplorer] [39m[32mMapped {/payments, POST} route[39m[38;5;3m +1ms[39m
[32m[Nest] 55308  - [39m21:45:29 21/06/2026 [32m    LOG[39m [38;5;3m[RouterExplorer] [39m[32mMapped {/payments, GET} route[39m[38;5;3m +0ms[39m
[32m[Nest] 55308  - [39m21:45:29 21/06/2026 [32m    LOG[39m [38;5;3m[NestApplication] [39m[32mNest application successfully started[39m[38;5;3m +2ms[39m
EduConnect backend running on http://localhost:3000
